// Jest Snapshot v1, https://goo.gl/fbAQLP

exports[`Component should render NewsMetaElement properly 1`] = `ShallowWrapper {}`;
