// Jest Snapshot v1, https://goo.gl/fbAQLP

exports[`Component should render NewsWrapper properly 1`] = `ShallowWrapper {}`;
