// Jest Snapshot v1, https://goo.gl/fbAQLP

exports[`Component should render NewsTitle properly 1`] = `ShallowWrapper {}`;
