// Jest Snapshot v1, https://goo.gl/fbAQLP

exports[`Component should render NewsMeta properly 1`] = `ShallowWrapper {}`;
