// Jest Snapshot v1, https://goo.gl/fbAQLP

exports[`Component should render FeedContainerWrapper properly 1`] = `ShallowWrapper {}`;
