// Jest Snapshot v1, https://goo.gl/fbAQLP

exports[`ErrorBoundary should render FeedContainerWrapper properly 1`] = `ShallowWrapper {}`;
